Analysis & Synthesis report for alarm
Mon Dec 02 13:56:55 2024
Quartus Prime Version 20.1.1 Build 720 11/11/2020 SJ Lite Edition


---------------------
; Table of Contents ;
---------------------
  1. Legal Notice
  2. Analysis & Synthesis Summary
  3. Analysis & Synthesis Settings
  4. Parallel Compilation
  5. Analysis & Synthesis Source Files Read
  6. Analysis & Synthesis Resource Usage Summary
  7. Analysis & Synthesis Resource Utilization by Entity
  8. Logic Cells Representing Combinational Loops
  9. General Register Statistics
 10. Multiplexer Restructuring Statistics (Restructuring Performed)
 11. Parameter Settings for User Entity Instance: timer:Clock|OnOffToggle:ClockSwitch
 12. Parameter Settings for User Entity Instance: timer:Clock|oneHz:OneHzClockGenerator|dividebyN:div5
 13. Parameter Settings for User Entity Instance: timer:Clock|oneHz:OneHzClockGenerator|dividebyN:div10
 14. Parameter Settings for User Entity Instance: timer:Clock|oneHz:OneHzClockGenerator|dividebyN:div1000L
 15. Parameter Settings for User Entity Instance: timer:Clock|oneHz:OneHzClockGenerator|dividebyN:div1000H
 16. Parameter Settings for User Entity Instance: timer:Clock|dividebyN:seconds_low
 17. Parameter Settings for User Entity Instance: timer:Clock|dividebyN:seconds_high
 18. Parameter Settings for User Entity Instance: timer:Clock|dividebyN:min_low
 19. Parameter Settings for User Entity Instance: timer:Clock|dividebyN:min_high
 20. Parameter Settings for User Entity Instance: timer:Clock|dividebyN:hour_low
 21. Parameter Settings for User Entity Instance: timer:Clock|dividebyN:hour_high
 22. Parameter Settings for User Entity Instance: alarmTime:Alarm|dividebyN:seconds_low
 23. Parameter Settings for User Entity Instance: alarmTime:Alarm|dividebyN:seconds_high
 24. Parameter Settings for User Entity Instance: alarmTime:Alarm|dividebyN:min_low
 25. Parameter Settings for User Entity Instance: alarmTime:Alarm|dividebyN:min_high
 26. Parameter Settings for User Entity Instance: alarmTime:Alarm|dividebyN:hour_low
 27. Parameter Settings for User Entity Instance: alarmTime:Alarm|dividebyN:hour_high
 28. Port Connectivity Checks: "alarmTime:Alarm|dividebyN:hour_high"
 29. Port Connectivity Checks: "alarmTime:Alarm|dividebyN:min_high"
 30. Port Connectivity Checks: "alarmTime:Alarm|dividebyN:seconds_high"
 31. Port Connectivity Checks: "timer:Clock|dividebyN:hour_high"
 32. Port Connectivity Checks: "timer:Clock|dividebyN:min_high"
 33. Port Connectivity Checks: "timer:Clock|dividebyN:seconds_high"
 34. Port Connectivity Checks: "timer:Clock|oneHz:OneHzClockGenerator|dividebyN:div1000H"
 35. Port Connectivity Checks: "timer:Clock|oneHz:OneHzClockGenerator|dividebyN:div1000L"
 36. Port Connectivity Checks: "timer:Clock|oneHz:OneHzClockGenerator|dividebyN:div10"
 37. Port Connectivity Checks: "timer:Clock|oneHz:OneHzClockGenerator|dividebyN:div5"
 38. Post-Synthesis Netlist Statistics for Top Partition
 39. Elapsed Time Per Partition
 40. Analysis & Synthesis Messages
 41. Analysis & Synthesis Suppressed Messages



----------------
; Legal Notice ;
----------------
Copyright (C) 2020  Intel Corporation. All rights reserved.
Your use of Intel Corporation's design tools, logic functions 
and other software and tools, and any partner logic 
functions, and any output files from any of the foregoing 
(including device programming or simulation files), and any 
associated documentation or information are expressly subject 
to the terms and conditions of the Intel Program License 
Subscription Agreement, the Intel Quartus Prime License Agreement,
the Intel FPGA IP License Agreement, or other applicable license
agreement, including, without limitation, that your use is for
the sole purpose of programming logic devices manufactured by
Intel and sold by Intel or its authorized distributors.  Please
refer to the applicable agreement for further details, at
https://fpgasoftware.intel.com/eula.



+----------------------------------------------------------------------------------+
; Analysis & Synthesis Summary                                                     ;
+------------------------------------+---------------------------------------------+
; Analysis & Synthesis Status        ; Successful - Mon Dec 02 13:56:55 2024       ;
; Quartus Prime Version              ; 20.1.1 Build 720 11/11/2020 SJ Lite Edition ;
; Revision Name                      ; alarm                                       ;
; Top-level Entity Name              ; alarm                                       ;
; Family                             ; MAX 10                                      ;
; Total logic elements               ; 278                                         ;
;     Total combinational functions  ; 278                                         ;
;     Dedicated logic registers      ; 84                                          ;
; Total registers                    ; 84                                          ;
; Total pins                         ; 52                                          ;
; Total virtual pins                 ; 0                                           ;
; Total memory bits                  ; 0                                           ;
; Embedded Multiplier 9-bit elements ; 0                                           ;
; Total PLLs                         ; 0                                           ;
; UFM blocks                         ; 0                                           ;
; ADC blocks                         ; 0                                           ;
+------------------------------------+---------------------------------------------+


+------------------------------------------------------------------------------------------------------------+
; Analysis & Synthesis Settings                                                                              ;
+------------------------------------------------------------------+--------------------+--------------------+
; Option                                                           ; Setting            ; Default Value      ;
+------------------------------------------------------------------+--------------------+--------------------+
; Device                                                           ; 10M50DAF484C7G     ;                    ;
; Top-level entity name                                            ; alarm              ; alarm              ;
; Family name                                                      ; MAX 10             ; Cyclone V          ;
; Use smart compilation                                            ; Off                ; Off                ;
; Enable parallel Assembler and Timing Analyzer during compilation ; On                 ; On                 ;
; Enable compact report table                                      ; Off                ; Off                ;
; Restructure Multiplexers                                         ; Auto               ; Auto               ;
; Create Debugging Nodes for IP Cores                              ; Off                ; Off                ;
; Preserve fewer node names                                        ; On                 ; On                 ;
; Intel FPGA IP Evaluation Mode                                    ; Enable             ; Enable             ;
; Verilog Version                                                  ; Verilog_2001       ; Verilog_2001       ;
; VHDL Version                                                     ; VHDL_1993          ; VHDL_1993          ;
; State Machine Processing                                         ; Auto               ; Auto               ;
; Safe State Machine                                               ; Off                ; Off                ;
; Extract Verilog State Machines                                   ; On                 ; On                 ;
; Extract VHDL State Machines                                      ; On                 ; On                 ;
; Ignore Verilog initial constructs                                ; Off                ; Off                ;
; Iteration limit for constant Verilog loops                       ; 5000               ; 5000               ;
; Iteration limit for non-constant Verilog loops                   ; 250                ; 250                ;
; Add Pass-Through Logic to Inferred RAMs                          ; On                 ; On                 ;
; Infer RAMs from Raw Logic                                        ; On                 ; On                 ;
; Parallel Synthesis                                               ; On                 ; On                 ;
; DSP Block Balancing                                              ; Auto               ; Auto               ;
; NOT Gate Push-Back                                               ; On                 ; On                 ;
; Power-Up Don't Care                                              ; On                 ; On                 ;
; Remove Redundant Logic Cells                                     ; Off                ; Off                ;
; Remove Duplicate Registers                                       ; On                 ; On                 ;
; Ignore CARRY Buffers                                             ; Off                ; Off                ;
; Ignore CASCADE Buffers                                           ; Off                ; Off                ;
; Ignore GLOBAL Buffers                                            ; Off                ; Off                ;
; Ignore ROW GLOBAL Buffers                                        ; Off                ; Off                ;
; Ignore LCELL Buffers                                             ; Off                ; Off                ;
; Ignore SOFT Buffers                                              ; On                 ; On                 ;
; Limit AHDL Integers to 32 Bits                                   ; Off                ; Off                ;
; Optimization Technique                                           ; Balanced           ; Balanced           ;
; Carry Chain Length                                               ; 70                 ; 70                 ;
; Auto Carry Chains                                                ; On                 ; On                 ;
; Auto Open-Drain Pins                                             ; On                 ; On                 ;
; Perform WYSIWYG Primitive Resynthesis                            ; Off                ; Off                ;
; Auto ROM Replacement                                             ; On                 ; On                 ;
; Auto RAM Replacement                                             ; On                 ; On                 ;
; Auto DSP Block Replacement                                       ; On                 ; On                 ;
; Auto Shift Register Replacement                                  ; Auto               ; Auto               ;
; Allow Shift Register Merging across Hierarchies                  ; Auto               ; Auto               ;
; Auto Clock Enable Replacement                                    ; On                 ; On                 ;
; Strict RAM Replacement                                           ; Off                ; Off                ;
; Allow Synchronous Control Signals                                ; On                 ; On                 ;
; Force Use of Synchronous Clear Signals                           ; Off                ; Off                ;
; Auto RAM Block Balancing                                         ; On                 ; On                 ;
; Auto RAM to Logic Cell Conversion                                ; Off                ; Off                ;
; Auto Resource Sharing                                            ; Off                ; Off                ;
; Allow Any RAM Size For Recognition                               ; Off                ; Off                ;
; Allow Any ROM Size For Recognition                               ; Off                ; Off                ;
; Allow Any Shift Register Size For Recognition                    ; Off                ; Off                ;
; Use LogicLock Constraints during Resource Balancing              ; On                 ; On                 ;
; Ignore translate_off and synthesis_off directives                ; Off                ; Off                ;
; Timing-Driven Synthesis                                          ; On                 ; On                 ;
; Report Parameter Settings                                        ; On                 ; On                 ;
; Report Source Assignments                                        ; On                 ; On                 ;
; Report Connectivity Checks                                       ; On                 ; On                 ;
; Ignore Maximum Fan-Out Assignments                               ; Off                ; Off                ;
; Synchronization Register Chain Length                            ; 2                  ; 2                  ;
; Power Optimization During Synthesis                              ; Normal compilation ; Normal compilation ;
; HDL message level                                                ; Level2             ; Level2             ;
; Suppress Register Optimization Related Messages                  ; Off                ; Off                ;
; Number of Removed Registers Reported in Synthesis Report         ; 5000               ; 5000               ;
; Number of Swept Nodes Reported in Synthesis Report               ; 5000               ; 5000               ;
; Number of Inverted Registers Reported in Synthesis Report        ; 100                ; 100                ;
; Clock MUX Protection                                             ; On                 ; On                 ;
; Auto Gated Clock Conversion                                      ; Off                ; Off                ;
; Block Design Naming                                              ; Auto               ; Auto               ;
; SDC constraint protection                                        ; Off                ; Off                ;
; Synthesis Effort                                                 ; Auto               ; Auto               ;
; Shift Register Replacement - Allow Asynchronous Clear Signal     ; On                 ; On                 ;
; Pre-Mapping Resynthesis Optimization                             ; Off                ; Off                ;
; Analysis & Synthesis Message Level                               ; Medium             ; Medium             ;
; Disable Register Merging Across Hierarchies                      ; Auto               ; Auto               ;
; Resource Aware Inference For Block RAM                           ; On                 ; On                 ;
+------------------------------------------------------------------+--------------------+--------------------+


+------------------------------------------+
; Parallel Compilation                     ;
+----------------------------+-------------+
; Processors                 ; Number      ;
+----------------------------+-------------+
; Number detected on machine ; 8           ;
; Maximum allowed            ; 4           ;
;                            ;             ;
; Average used               ; 1.00        ;
; Maximum used               ; 4           ;
;                            ;             ;
; Usage by Processor         ; % Time Used ;
;     Processor 1            ; 100.0%      ;
;     Processor 2            ;   0.0%      ;
;     Processors 3-4         ;   0.0%      ;
+----------------------------+-------------+


+----------------------------------------------------------------------------------------------------------------------------+
; Analysis & Synthesis Source Files Read                                                                                     ;
+----------------------------------+-----------------+------------------------+------------------------------------+---------+
; File Name with User-Entered Path ; Used in Netlist ; File Type              ; File Name with Absolute Path       ; Library ;
+----------------------------------+-----------------+------------------------+------------------------------------+---------+
; timer.v                          ; yes             ; User Verilog HDL File  ; C:/alarmClock/alarm/timer.v        ;         ;
; OnOffToggle.v                    ; yes             ; User Verilog HDL File  ; C:/alarmClock/alarm/OnOffToggle.v  ;         ;
; oneHz.v                          ; yes             ; User Verilog HDL File  ; C:/alarmClock/alarm/oneHz.v        ;         ;
; dividebyN.v                      ; yes             ; User Verilog HDL File  ; C:/alarmClock/alarm/dividebyN.v    ;         ;
; binary2seven.v                   ; yes             ; User Verilog HDL File  ; C:/alarmClock/alarm/binary2seven.v ;         ;
; alarm.v                          ; yes             ; User Verilog HDL File  ; C:/alarmClock/alarm/alarm.v        ;         ;
; alarmTime.v                      ; yes             ; User Verilog HDL File  ; C:/alarmClock/alarm/alarmTime.v    ;         ;
+----------------------------------+-----------------+------------------------+------------------------------------+---------+


+-----------------------------------------------------------------+
; Analysis & Synthesis Resource Usage Summary                     ;
+---------------------------------------------+-------------------+
; Resource                                    ; Usage             ;
+---------------------------------------------+-------------------+
; Estimated Total logic elements              ; 278               ;
;                                             ;                   ;
; Total combinational functions               ; 278               ;
; Logic element usage by number of LUT inputs ;                   ;
;     -- 4 input functions                    ; 122               ;
;     -- 3 input functions                    ; 119               ;
;     -- <=2 input functions                  ; 37                ;
;                                             ;                   ;
; Logic elements by mode                      ;                   ;
;     -- normal mode                          ; 260               ;
;     -- arithmetic mode                      ; 18                ;
;                                             ;                   ;
; Total registers                             ; 84                ;
;     -- Dedicated logic registers            ; 84                ;
;     -- I/O registers                        ; 0                 ;
;                                             ;                   ;
; I/O pins                                    ; 52                ;
;                                             ;                   ;
; Embedded Multiplier 9-bit elements          ; 0                 ;
;                                             ;                   ;
; Maximum fan-out node                        ; timer:Clock|RST~0 ;
; Maximum fan-out                             ; 58                ;
; Total fan-out                               ; 1252              ;
; Average fan-out                             ; 2.69              ;
+---------------------------------------------+-------------------+


+------------------------------------------------------------------------------------------------------------------------------------------------------------------------------------------------------------------------------------------------------------------------------------------------+
; Analysis & Synthesis Resource Utilization by Entity                                                                                                                                                                                                                                            ;
+-------------------------------------------+---------------------+---------------------------+-------------+------------+--------------+---------+-----------+------+--------------+------------+-----------------------------------------------------------------+--------------+--------------+
; Compilation Hierarchy Node                ; Combinational ALUTs ; Dedicated Logic Registers ; Memory Bits ; UFM Blocks ; DSP Elements ; DSP 9x9 ; DSP 18x18 ; Pins ; Virtual Pins ; ADC blocks ; Full Hierarchy Name                                             ; Entity Name  ; Library Name ;
+-------------------------------------------+---------------------+---------------------------+-------------+------------+--------------+---------+-----------+------+--------------+------------+-----------------------------------------------------------------+--------------+--------------+
; |alarm                                    ; 278 (74)            ; 84 (0)                    ; 0           ; 0          ; 0            ; 0       ; 0         ; 52   ; 0            ; 0          ; |alarm                                                          ;              ;              ;
;    |alarmTime:Alarm|                      ; 70 (2)              ; 25 (0)                    ; 0           ; 0          ; 0            ; 0       ; 0         ; 0    ; 0            ; 0          ; |alarm|alarmTime:Alarm                                          ; alarmTime    ; work         ;
;       |binary2seven:hour_high_display|    ; 7 (7)               ; 0 (0)                     ; 0           ; 0          ; 0            ; 0       ; 0         ; 0    ; 0            ; 0          ; |alarm|alarmTime:Alarm|binary2seven:hour_high_display           ; binary2seven ; work         ;
;       |binary2seven:hour_low_display|     ; 7 (7)               ; 0 (0)                     ; 0           ; 0          ; 0            ; 0       ; 0         ; 0    ; 0            ; 0          ; |alarm|alarmTime:Alarm|binary2seven:hour_low_display            ; binary2seven ; work         ;
;       |binary2seven:min_high_display|     ; 7 (7)               ; 0 (0)                     ; 0           ; 0          ; 0            ; 0       ; 0         ; 0    ; 0            ; 0          ; |alarm|alarmTime:Alarm|binary2seven:min_high_display            ; binary2seven ; work         ;
;       |binary2seven:min_low_display|      ; 7 (7)               ; 0 (0)                     ; 0           ; 0          ; 0            ; 0       ; 0         ; 0    ; 0            ; 0          ; |alarm|alarmTime:Alarm|binary2seven:min_low_display             ; binary2seven ; work         ;
;       |binary2seven:seconds_high_display| ; 7 (7)               ; 0 (0)                     ; 0           ; 0          ; 0            ; 0       ; 0         ; 0    ; 0            ; 0          ; |alarm|alarmTime:Alarm|binary2seven:seconds_high_display        ; binary2seven ; work         ;
;       |binary2seven:seconds_low_display|  ; 7 (7)               ; 0 (0)                     ; 0           ; 0          ; 0            ; 0       ; 0         ; 0    ; 0            ; 0          ; |alarm|alarmTime:Alarm|binary2seven:seconds_low_display         ; binary2seven ; work         ;
;       |dividebyN:hour_high|               ; 5 (5)               ; 4 (4)                     ; 0           ; 0          ; 0            ; 0       ; 0         ; 0    ; 0            ; 0          ; |alarm|alarmTime:Alarm|dividebyN:hour_high                      ; dividebyN    ; work         ;
;       |dividebyN:hour_low|                ; 5 (5)               ; 5 (5)                     ; 0           ; 0          ; 0            ; 0       ; 0         ; 0    ; 0            ; 0          ; |alarm|alarmTime:Alarm|dividebyN:hour_low                       ; dividebyN    ; work         ;
;       |dividebyN:min_high|                ; 3 (3)               ; 3 (3)                     ; 0           ; 0          ; 0            ; 0       ; 0         ; 0    ; 0            ; 0          ; |alarm|alarmTime:Alarm|dividebyN:min_high                       ; dividebyN    ; work         ;
;       |dividebyN:min_low|                 ; 5 (5)               ; 5 (5)                     ; 0           ; 0          ; 0            ; 0       ; 0         ; 0    ; 0            ; 0          ; |alarm|alarmTime:Alarm|dividebyN:min_low                        ; dividebyN    ; work         ;
;       |dividebyN:seconds_high|            ; 3 (3)               ; 3 (3)                     ; 0           ; 0          ; 0            ; 0       ; 0         ; 0    ; 0            ; 0          ; |alarm|alarmTime:Alarm|dividebyN:seconds_high                   ; dividebyN    ; work         ;
;       |dividebyN:seconds_low|             ; 5 (5)               ; 5 (5)                     ; 0           ; 0          ; 0            ; 0       ; 0         ; 0    ; 0            ; 0          ; |alarm|alarmTime:Alarm|dividebyN:seconds_low                    ; dividebyN    ; work         ;
;    |timer:Clock|                          ; 134 (5)             ; 59 (0)                    ; 0           ; 0          ; 0            ; 0       ; 0         ; 0    ; 0            ; 0          ; |alarm|timer:Clock                                              ; timer        ; work         ;
;       |OnOffToggle:ClockSwitch|           ; 2 (2)               ; 1 (1)                     ; 0           ; 0          ; 0            ; 0       ; 0         ; 0    ; 0            ; 0          ; |alarm|timer:Clock|OnOffToggle:ClockSwitch                      ; OnOffToggle  ; work         ;
;       |binary2seven:hour_high_display|    ; 7 (7)               ; 0 (0)                     ; 0           ; 0          ; 0            ; 0       ; 0         ; 0    ; 0            ; 0          ; |alarm|timer:Clock|binary2seven:hour_high_display               ; binary2seven ; work         ;
;       |binary2seven:hour_low_display|     ; 7 (7)               ; 0 (0)                     ; 0           ; 0          ; 0            ; 0       ; 0         ; 0    ; 0            ; 0          ; |alarm|timer:Clock|binary2seven:hour_low_display                ; binary2seven ; work         ;
;       |binary2seven:min_high_display|     ; 7 (7)               ; 0 (0)                     ; 0           ; 0          ; 0            ; 0       ; 0         ; 0    ; 0            ; 0          ; |alarm|timer:Clock|binary2seven:min_high_display                ; binary2seven ; work         ;
;       |binary2seven:min_low_display|      ; 7 (7)               ; 0 (0)                     ; 0           ; 0          ; 0            ; 0       ; 0         ; 0    ; 0            ; 0          ; |alarm|timer:Clock|binary2seven:min_low_display                 ; binary2seven ; work         ;
;       |binary2seven:seconds_high_display| ; 7 (7)               ; 0 (0)                     ; 0           ; 0          ; 0            ; 0       ; 0         ; 0    ; 0            ; 0          ; |alarm|timer:Clock|binary2seven:seconds_high_display            ; binary2seven ; work         ;
;       |binary2seven:seconds_low_display|  ; 7 (7)               ; 0 (0)                     ; 0           ; 0          ; 0            ; 0       ; 0         ; 0    ; 0            ; 0          ; |alarm|timer:Clock|binary2seven:seconds_low_display             ; binary2seven ; work         ;
;       |dividebyN:hour_high|               ; 5 (5)               ; 4 (4)                     ; 0           ; 0          ; 0            ; 0       ; 0         ; 0    ; 0            ; 0          ; |alarm|timer:Clock|dividebyN:hour_high                          ; dividebyN    ; work         ;
;       |dividebyN:hour_low|                ; 5 (5)               ; 5 (5)                     ; 0           ; 0          ; 0            ; 0       ; 0         ; 0    ; 0            ; 0          ; |alarm|timer:Clock|dividebyN:hour_low                           ; dividebyN    ; work         ;
;       |dividebyN:min_high|                ; 4 (4)               ; 4 (4)                     ; 0           ; 0          ; 0            ; 0       ; 0         ; 0    ; 0            ; 0          ; |alarm|timer:Clock|dividebyN:min_high                           ; dividebyN    ; work         ;
;       |dividebyN:min_low|                 ; 5 (5)               ; 5 (5)                     ; 0           ; 0          ; 0            ; 0       ; 0         ; 0    ; 0            ; 0          ; |alarm|timer:Clock|dividebyN:min_low                            ; dividebyN    ; work         ;
;       |dividebyN:seconds_high|            ; 4 (4)               ; 4 (4)                     ; 0           ; 0          ; 0            ; 0       ; 0         ; 0    ; 0            ; 0          ; |alarm|timer:Clock|dividebyN:seconds_high                       ; dividebyN    ; work         ;
;       |dividebyN:seconds_low|             ; 5 (5)               ; 5 (5)                     ; 0           ; 0          ; 0            ; 0       ; 0         ; 0    ; 0            ; 0          ; |alarm|timer:Clock|dividebyN:seconds_low                        ; dividebyN    ; work         ;
;       |oneHz:OneHzClockGenerator|         ; 57 (0)              ; 31 (0)                    ; 0           ; 0          ; 0            ; 0       ; 0         ; 0    ; 0            ; 0          ; |alarm|timer:Clock|oneHz:OneHzClockGenerator                    ; oneHz        ; work         ;
;          |dividebyN:div1000H|             ; 24 (24)             ; 11 (11)                   ; 0           ; 0          ; 0            ; 0       ; 0         ; 0    ; 0            ; 0          ; |alarm|timer:Clock|oneHz:OneHzClockGenerator|dividebyN:div1000H ; dividebyN    ; work         ;
;          |dividebyN:div1000L|             ; 24 (24)             ; 11 (11)                   ; 0           ; 0          ; 0            ; 0       ; 0         ; 0    ; 0            ; 0          ; |alarm|timer:Clock|oneHz:OneHzClockGenerator|dividebyN:div1000L ; dividebyN    ; work         ;
;          |dividebyN:div10|                ; 5 (5)               ; 5 (5)                     ; 0           ; 0          ; 0            ; 0       ; 0         ; 0    ; 0            ; 0          ; |alarm|timer:Clock|oneHz:OneHzClockGenerator|dividebyN:div10    ; dividebyN    ; work         ;
;          |dividebyN:div5|                 ; 4 (4)               ; 4 (4)                     ; 0           ; 0          ; 0            ; 0       ; 0         ; 0    ; 0            ; 0          ; |alarm|timer:Clock|oneHz:OneHzClockGenerator|dividebyN:div5     ; dividebyN    ; work         ;
+-------------------------------------------+---------------------+---------------------------+-------------+------------+--------------+---------+-----------+------+--------------+------------+-----------------------------------------------------------------+--------------+--------------+
Note: For table entries with two numbers listed, the numbers in parentheses indicate the number of resources of the given type used by the specific entity alone. The numbers listed outside of parentheses indicate the total resources of the given type used by the specific entity and all of its sub-entities in the hierarchy.


+------------------------------------------------------------+
; Logic Cells Representing Combinational Loops               ;
+--------------------------------------------------------+---+
; Logic Cell Name                                        ;   ;
+--------------------------------------------------------+---+
; alarm~0                                                ;   ;
; Number of logic cells representing combinational loops ; 1 ;
+--------------------------------------------------------+---+
Note: All cells listed above may not be present at the end of synthesis due to various synthesis optimizations.


+------------------------------------------------------+
; General Register Statistics                          ;
+----------------------------------------------+-------+
; Statistic                                    ; Value ;
+----------------------------------------------+-------+
; Total registers                              ; 84    ;
; Number of registers using Synchronous Clear  ; 0     ;
; Number of registers using Synchronous Load   ; 0     ;
; Number of registers using Asynchronous Clear ; 71    ;
; Number of registers using Asynchronous Load  ; 0     ;
; Number of registers using Clock Enable       ; 12    ;
; Number of registers using Preset             ; 0     ;
+----------------------------------------------+-------+


+----------------------------------------------------------------------------------------------------------------------------------------------------------------------------------------+
; Multiplexer Restructuring Statistics (Restructuring Performed)                                                                                                                         ;
+--------------------+-----------+---------------+----------------------+------------------------+------------+--------------------------------------------------------------------------+
; Multiplexer Inputs ; Bus Width ; Baseline Area ; Area if Restructured ; Saving if Restructured ; Registered ; Example Multiplexer Output                                               ;
+--------------------+-----------+---------------+----------------------+------------------------+------------+--------------------------------------------------------------------------+
; 3:1                ; 4 bits    ; 8 LEs         ; 8 LEs                ; 0 LEs                  ; Yes        ; |alarm|alarmTime:Alarm|dividebyN:hour_high|COUNT[0]                      ;
; 3:1                ; 4 bits    ; 8 LEs         ; 8 LEs                ; 0 LEs                  ; Yes        ; |alarm|timer:Clock|dividebyN:hour_high|COUNT[0]                          ;
; 3:1                ; 4 bits    ; 8 LEs         ; 8 LEs                ; 0 LEs                  ; Yes        ; |alarm|alarmTime:Alarm|dividebyN:hour_low|COUNT[0]                       ;
; 3:1                ; 4 bits    ; 8 LEs         ; 8 LEs                ; 0 LEs                  ; Yes        ; |alarm|timer:Clock|dividebyN:hour_low|COUNT[2]                           ;
; 3:1                ; 3 bits    ; 6 LEs         ; 6 LEs                ; 0 LEs                  ; Yes        ; |alarm|alarmTime:Alarm|dividebyN:min_high|COUNT[2]                       ;
; 3:1                ; 3 bits    ; 6 LEs         ; 6 LEs                ; 0 LEs                  ; Yes        ; |alarm|timer:Clock|dividebyN:min_high|COUNT[2]                           ;
; 3:1                ; 4 bits    ; 8 LEs         ; 8 LEs                ; 0 LEs                  ; Yes        ; |alarm|alarmTime:Alarm|dividebyN:min_low|COUNT[0]                        ;
; 3:1                ; 4 bits    ; 8 LEs         ; 8 LEs                ; 0 LEs                  ; Yes        ; |alarm|timer:Clock|dividebyN:min_low|COUNT[3]                            ;
; 3:1                ; 3 bits    ; 6 LEs         ; 6 LEs                ; 0 LEs                  ; Yes        ; |alarm|alarmTime:Alarm|dividebyN:seconds_high|COUNT[1]                   ;
; 3:1                ; 3 bits    ; 6 LEs         ; 6 LEs                ; 0 LEs                  ; Yes        ; |alarm|timer:Clock|dividebyN:seconds_high|COUNT[0]                       ;
; 3:1                ; 4 bits    ; 8 LEs         ; 8 LEs                ; 0 LEs                  ; Yes        ; |alarm|alarmTime:Alarm|dividebyN:seconds_low|COUNT[1]                    ;
; 3:1                ; 4 bits    ; 8 LEs         ; 8 LEs                ; 0 LEs                  ; Yes        ; |alarm|timer:Clock|dividebyN:seconds_low|COUNT[2]                        ;
; 3:1                ; 10 bits   ; 20 LEs        ; 20 LEs               ; 0 LEs                  ; Yes        ; |alarm|timer:Clock|oneHz:OneHzClockGenerator|dividebyN:div1000H|COUNT[6] ;
; 3:1                ; 10 bits   ; 20 LEs        ; 20 LEs               ; 0 LEs                  ; Yes        ; |alarm|timer:Clock|oneHz:OneHzClockGenerator|dividebyN:div1000L|COUNT[9] ;
; 3:1                ; 4 bits    ; 8 LEs         ; 8 LEs                ; 0 LEs                  ; Yes        ; |alarm|timer:Clock|oneHz:OneHzClockGenerator|dividebyN:div10|COUNT[2]    ;
; 3:1                ; 3 bits    ; 6 LEs         ; 6 LEs                ; 0 LEs                  ; Yes        ; |alarm|timer:Clock|oneHz:OneHzClockGenerator|dividebyN:div5|COUNT[2]     ;
+--------------------+-----------+---------------+----------------------+------------------------+------------+--------------------------------------------------------------------------+


+----------------------------------------------------------------------------------+
; Parameter Settings for User Entity Instance: timer:Clock|OnOffToggle:ClockSwitch ;
+----------------+-------+---------------------------------------------------------+
; Parameter Name ; Value ; Type                                                    ;
+----------------+-------+---------------------------------------------------------+
; ON             ; 1     ; Unsigned Binary                                         ;
; OFF            ; 0     ; Unsigned Binary                                         ;
+----------------+-------+---------------------------------------------------------+
Note: In order to hide this table in the UI and the text report file, please set the "Show Parameter Settings in Synthesis Report" option in "Analysis and Synthesis Settings -> More Settings" to "Off".


+---------------------------------------------------------------------------------------------------+
; Parameter Settings for User Entity Instance: timer:Clock|oneHz:OneHzClockGenerator|dividebyN:div5 ;
+----------------+-------+--------------------------------------------------------------------------+
; Parameter Name ; Value ; Type                                                                     ;
+----------------+-------+--------------------------------------------------------------------------+
; N              ; 101   ; Unsigned Binary                                                          ;
; M              ; 011   ; Unsigned Binary                                                          ;
+----------------+-------+--------------------------------------------------------------------------+
Note: In order to hide this table in the UI and the text report file, please set the "Show Parameter Settings in Synthesis Report" option in "Analysis and Synthesis Settings -> More Settings" to "Off".


+----------------------------------------------------------------------------------------------------+
; Parameter Settings for User Entity Instance: timer:Clock|oneHz:OneHzClockGenerator|dividebyN:div10 ;
+----------------+-------+---------------------------------------------------------------------------+
; Parameter Name ; Value ; Type                                                                      ;
+----------------+-------+---------------------------------------------------------------------------+
; N              ; 1010  ; Unsigned Binary                                                           ;
; M              ; 0100  ; Unsigned Binary                                                           ;
+----------------+-------+---------------------------------------------------------------------------+
Note: In order to hide this table in the UI and the text report file, please set the "Show Parameter Settings in Synthesis Report" option in "Analysis and Synthesis Settings -> More Settings" to "Off".


+-------------------------------------------------------------------------------------------------------+
; Parameter Settings for User Entity Instance: timer:Clock|oneHz:OneHzClockGenerator|dividebyN:div1000L ;
+----------------+------------+-------------------------------------------------------------------------+
; Parameter Name ; Value      ; Type                                                                    ;
+----------------+------------+-------------------------------------------------------------------------+
; N              ; 1111101000 ; Unsigned Binary                                                         ;
; M              ; 1010       ; Unsigned Binary                                                         ;
+----------------+------------+-------------------------------------------------------------------------+
Note: In order to hide this table in the UI and the text report file, please set the "Show Parameter Settings in Synthesis Report" option in "Analysis and Synthesis Settings -> More Settings" to "Off".


+-------------------------------------------------------------------------------------------------------+
; Parameter Settings for User Entity Instance: timer:Clock|oneHz:OneHzClockGenerator|dividebyN:div1000H ;
+----------------+------------+-------------------------------------------------------------------------+
; Parameter Name ; Value      ; Type                                                                    ;
+----------------+------------+-------------------------------------------------------------------------+
; N              ; 1111101000 ; Unsigned Binary                                                         ;
; M              ; 1010       ; Unsigned Binary                                                         ;
+----------------+------------+-------------------------------------------------------------------------+
Note: In order to hide this table in the UI and the text report file, please set the "Show Parameter Settings in Synthesis Report" option in "Analysis and Synthesis Settings -> More Settings" to "Off".


+--------------------------------------------------------------------------------+
; Parameter Settings for User Entity Instance: timer:Clock|dividebyN:seconds_low ;
+----------------+-------+-------------------------------------------------------+
; Parameter Name ; Value ; Type                                                  ;
+----------------+-------+-------------------------------------------------------+
; N              ; 1010  ; Unsigned Binary                                       ;
; M              ; 100   ; Unsigned Binary                                       ;
+----------------+-------+-------------------------------------------------------+
Note: In order to hide this table in the UI and the text report file, please set the "Show Parameter Settings in Synthesis Report" option in "Analysis and Synthesis Settings -> More Settings" to "Off".


+---------------------------------------------------------------------------------+
; Parameter Settings for User Entity Instance: timer:Clock|dividebyN:seconds_high ;
+----------------+-------+--------------------------------------------------------+
; Parameter Name ; Value ; Type                                                   ;
+----------------+-------+--------------------------------------------------------+
; N              ; 110   ; Unsigned Binary                                        ;
; M              ; 11    ; Unsigned Binary                                        ;
+----------------+-------+--------------------------------------------------------+
Note: In order to hide this table in the UI and the text report file, please set the "Show Parameter Settings in Synthesis Report" option in "Analysis and Synthesis Settings -> More Settings" to "Off".


+----------------------------------------------------------------------------+
; Parameter Settings for User Entity Instance: timer:Clock|dividebyN:min_low ;
+----------------+-------+---------------------------------------------------+
; Parameter Name ; Value ; Type                                              ;
+----------------+-------+---------------------------------------------------+
; N              ; 1010  ; Unsigned Binary                                   ;
; M              ; 100   ; Unsigned Binary                                   ;
+----------------+-------+---------------------------------------------------+
Note: In order to hide this table in the UI and the text report file, please set the "Show Parameter Settings in Synthesis Report" option in "Analysis and Synthesis Settings -> More Settings" to "Off".


+-----------------------------------------------------------------------------+
; Parameter Settings for User Entity Instance: timer:Clock|dividebyN:min_high ;
+----------------+-------+----------------------------------------------------+
; Parameter Name ; Value ; Type                                               ;
+----------------+-------+----------------------------------------------------+
; N              ; 110   ; Unsigned Binary                                    ;
; M              ; 11    ; Unsigned Binary                                    ;
+----------------+-------+----------------------------------------------------+
Note: In order to hide this table in the UI and the text report file, please set the "Show Parameter Settings in Synthesis Report" option in "Analysis and Synthesis Settings -> More Settings" to "Off".


+-----------------------------------------------------------------------------+
; Parameter Settings for User Entity Instance: timer:Clock|dividebyN:hour_low ;
+----------------+-------+----------------------------------------------------+
; Parameter Name ; Value ; Type                                               ;
+----------------+-------+----------------------------------------------------+
; N              ; 1010  ; Unsigned Binary                                    ;
; M              ; 100   ; Unsigned Binary                                    ;
+----------------+-------+----------------------------------------------------+
Note: In order to hide this table in the UI and the text report file, please set the "Show Parameter Settings in Synthesis Report" option in "Analysis and Synthesis Settings -> More Settings" to "Off".


+------------------------------------------------------------------------------+
; Parameter Settings for User Entity Instance: timer:Clock|dividebyN:hour_high ;
+----------------+-------+-----------------------------------------------------+
; Parameter Name ; Value ; Type                                                ;
+----------------+-------+-----------------------------------------------------+
; N              ; 0011  ; Unsigned Binary                                     ;
; M              ; 100   ; Unsigned Binary                                     ;
+----------------+-------+-----------------------------------------------------+
Note: In order to hide this table in the UI and the text report file, please set the "Show Parameter Settings in Synthesis Report" option in "Analysis and Synthesis Settings -> More Settings" to "Off".


+------------------------------------------------------------------------------------+
; Parameter Settings for User Entity Instance: alarmTime:Alarm|dividebyN:seconds_low ;
+----------------+-------+-----------------------------------------------------------+
; Parameter Name ; Value ; Type                                                      ;
+----------------+-------+-----------------------------------------------------------+
; N              ; 1010  ; Unsigned Binary                                           ;
; M              ; 100   ; Unsigned Binary                                           ;
+----------------+-------+-----------------------------------------------------------+
Note: In order to hide this table in the UI and the text report file, please set the "Show Parameter Settings in Synthesis Report" option in "Analysis and Synthesis Settings -> More Settings" to "Off".


+-------------------------------------------------------------------------------------+
; Parameter Settings for User Entity Instance: alarmTime:Alarm|dividebyN:seconds_high ;
+----------------+-------+------------------------------------------------------------+
; Parameter Name ; Value ; Type                                                       ;
+----------------+-------+------------------------------------------------------------+
; N              ; 110   ; Unsigned Binary                                            ;
; M              ; 11    ; Unsigned Binary                                            ;
+----------------+-------+------------------------------------------------------------+
Note: In order to hide this table in the UI and the text report file, please set the "Show Parameter Settings in Synthesis Report" option in "Analysis and Synthesis Settings -> More Settings" to "Off".


+--------------------------------------------------------------------------------+
; Parameter Settings for User Entity Instance: alarmTime:Alarm|dividebyN:min_low ;
+----------------+-------+-------------------------------------------------------+
; Parameter Name ; Value ; Type                                                  ;
+----------------+-------+-------------------------------------------------------+
; N              ; 1010  ; Unsigned Binary                                       ;
; M              ; 100   ; Unsigned Binary                                       ;
+----------------+-------+-------------------------------------------------------+
Note: In order to hide this table in the UI and the text report file, please set the "Show Parameter Settings in Synthesis Report" option in "Analysis and Synthesis Settings -> More Settings" to "Off".


+---------------------------------------------------------------------------------+
; Parameter Settings for User Entity Instance: alarmTime:Alarm|dividebyN:min_high ;
+----------------+-------+--------------------------------------------------------+
; Parameter Name ; Value ; Type                                                   ;
+----------------+-------+--------------------------------------------------------+
; N              ; 110   ; Unsigned Binary                                        ;
; M              ; 11    ; Unsigned Binary                                        ;
+----------------+-------+--------------------------------------------------------+
Note: In order to hide this table in the UI and the text report file, please set the "Show Parameter Settings in Synthesis Report" option in "Analysis and Synthesis Settings -> More Settings" to "Off".


+---------------------------------------------------------------------------------+
; Parameter Settings for User Entity Instance: alarmTime:Alarm|dividebyN:hour_low ;
+----------------+-------+--------------------------------------------------------+
; Parameter Name ; Value ; Type                                                   ;
+----------------+-------+--------------------------------------------------------+
; N              ; 1010  ; Unsigned Binary                                        ;
; M              ; 100   ; Unsigned Binary                                        ;
+----------------+-------+--------------------------------------------------------+
Note: In order to hide this table in the UI and the text report file, please set the "Show Parameter Settings in Synthesis Report" option in "Analysis and Synthesis Settings -> More Settings" to "Off".


+----------------------------------------------------------------------------------+
; Parameter Settings for User Entity Instance: alarmTime:Alarm|dividebyN:hour_high ;
+----------------+-------+---------------------------------------------------------+
; Parameter Name ; Value ; Type                                                    ;
+----------------+-------+---------------------------------------------------------+
; N              ; 0011  ; Unsigned Binary                                         ;
; M              ; 100   ; Unsigned Binary                                         ;
+----------------+-------+---------------------------------------------------------+
Note: In order to hide this table in the UI and the text report file, please set the "Show Parameter Settings in Synthesis Report" option in "Analysis and Synthesis Settings -> More Settings" to "Off".


+----------------------------------------------------------------------------------------------------------------+
; Port Connectivity Checks: "alarmTime:Alarm|dividebyN:hour_high"                                                ;
+------+--------+----------+-------------------------------------------------------------------------------------+
; Port ; Type   ; Severity ; Details                                                                             ;
+------+--------+----------+-------------------------------------------------------------------------------------+
; OUT  ; Output ; Info     ; Connected to dangling logic. Logic that only feeds a dangling port will be removed. ;
+------+--------+----------+-------------------------------------------------------------------------------------+


+---------------------------------------------------------------------------------------------------------------------------------------------------------------------------------------------------+
; Port Connectivity Checks: "alarmTime:Alarm|dividebyN:min_high"                                                                                                                                    ;
+-------+--------+----------+-----------------------------------------------------------------------------------------------------------------------------------------------------------------------+
; Port  ; Type   ; Severity ; Details                                                                                                                                                               ;
+-------+--------+----------+-----------------------------------------------------------------------------------------------------------------------------------------------------------------------+
; OUT   ; Output ; Info     ; Connected to dangling logic. Logic that only feeds a dangling port will be removed.                                                                                   ;
; COUNT ; Output ; Warning  ; Output or bidir port (3 bits) is smaller than the port expression (4 bits) it drives.  The 1 most-significant bit(s) in the port expression will be connected to GND. ;
+-------+--------+----------+-----------------------------------------------------------------------------------------------------------------------------------------------------------------------+


+---------------------------------------------------------------------------------------------------------------------------------------------------------------------------------------------------+
; Port Connectivity Checks: "alarmTime:Alarm|dividebyN:seconds_high"                                                                                                                                ;
+-------+--------+----------+-----------------------------------------------------------------------------------------------------------------------------------------------------------------------+
; Port  ; Type   ; Severity ; Details                                                                                                                                                               ;
+-------+--------+----------+-----------------------------------------------------------------------------------------------------------------------------------------------------------------------+
; OUT   ; Output ; Info     ; Connected to dangling logic. Logic that only feeds a dangling port will be removed.                                                                                   ;
; COUNT ; Output ; Warning  ; Output or bidir port (3 bits) is smaller than the port expression (4 bits) it drives.  The 1 most-significant bit(s) in the port expression will be connected to GND. ;
+-------+--------+----------+-----------------------------------------------------------------------------------------------------------------------------------------------------------------------+


+----------------------------------------------------------------------------------------------------------------+
; Port Connectivity Checks: "timer:Clock|dividebyN:hour_high"                                                    ;
+------+--------+----------+-------------------------------------------------------------------------------------+
; Port ; Type   ; Severity ; Details                                                                             ;
+------+--------+----------+-------------------------------------------------------------------------------------+
; OUT  ; Output ; Info     ; Connected to dangling logic. Logic that only feeds a dangling port will be removed. ;
+------+--------+----------+-------------------------------------------------------------------------------------+


+---------------------------------------------------------------------------------------------------------------------------------------------------------------------------------------------------+
; Port Connectivity Checks: "timer:Clock|dividebyN:min_high"                                                                                                                                        ;
+-------+--------+----------+-----------------------------------------------------------------------------------------------------------------------------------------------------------------------+
; Port  ; Type   ; Severity ; Details                                                                                                                                                               ;
+-------+--------+----------+-----------------------------------------------------------------------------------------------------------------------------------------------------------------------+
; COUNT ; Output ; Warning  ; Output or bidir port (3 bits) is smaller than the port expression (4 bits) it drives.  The 1 most-significant bit(s) in the port expression will be connected to GND. ;
+-------+--------+----------+-----------------------------------------------------------------------------------------------------------------------------------------------------------------------+


+---------------------------------------------------------------------------------------------------------------------------------------------------------------------------------------------------+
; Port Connectivity Checks: "timer:Clock|dividebyN:seconds_high"                                                                                                                                    ;
+-------+--------+----------+-----------------------------------------------------------------------------------------------------------------------------------------------------------------------+
; Port  ; Type   ; Severity ; Details                                                                                                                                                               ;
+-------+--------+----------+-----------------------------------------------------------------------------------------------------------------------------------------------------------------------+
; COUNT ; Output ; Warning  ; Output or bidir port (3 bits) is smaller than the port expression (4 bits) it drives.  The 1 most-significant bit(s) in the port expression will be connected to GND. ;
+-------+--------+----------+-----------------------------------------------------------------------------------------------------------------------------------------------------------------------+


+-------------------------------------------------------------------------------------------------------------------------------------------------------+
; Port Connectivity Checks: "timer:Clock|oneHz:OneHzClockGenerator|dividebyN:div1000H"                                                                  ;
+-------+--------+----------+---------------------------------------------------------------------------------------------------------------------------+
; Port  ; Type   ; Severity ; Details                                                                                                                   ;
+-------+--------+----------+---------------------------------------------------------------------------------------------------------------------------+
; COUNT ; Output ; Warning  ; Output or bidir port (10 bits) is wider than the port expression (1 bits) it drives; bit(s) "COUNT[9..1]" have no fanouts ;
+-------+--------+----------+---------------------------------------------------------------------------------------------------------------------------+


+-------------------------------------------------------------------------------------------------------------------------------------------------------+
; Port Connectivity Checks: "timer:Clock|oneHz:OneHzClockGenerator|dividebyN:div1000L"                                                                  ;
+-------+--------+----------+---------------------------------------------------------------------------------------------------------------------------+
; Port  ; Type   ; Severity ; Details                                                                                                                   ;
+-------+--------+----------+---------------------------------------------------------------------------------------------------------------------------+
; COUNT ; Output ; Warning  ; Output or bidir port (10 bits) is wider than the port expression (1 bits) it drives; bit(s) "COUNT[9..1]" have no fanouts ;
+-------+--------+----------+---------------------------------------------------------------------------------------------------------------------------+


+------------------------------------------------------------------------------------------------------------------------------------------------------+
; Port Connectivity Checks: "timer:Clock|oneHz:OneHzClockGenerator|dividebyN:div10"                                                                    ;
+-------+--------+----------+--------------------------------------------------------------------------------------------------------------------------+
; Port  ; Type   ; Severity ; Details                                                                                                                  ;
+-------+--------+----------+--------------------------------------------------------------------------------------------------------------------------+
; COUNT ; Output ; Warning  ; Output or bidir port (4 bits) is wider than the port expression (1 bits) it drives; bit(s) "COUNT[3..1]" have no fanouts ;
+-------+--------+----------+--------------------------------------------------------------------------------------------------------------------------+


+------------------------------------------------------------------------------------------------------------------------------------------------------+
; Port Connectivity Checks: "timer:Clock|oneHz:OneHzClockGenerator|dividebyN:div5"                                                                     ;
+-------+--------+----------+--------------------------------------------------------------------------------------------------------------------------+
; Port  ; Type   ; Severity ; Details                                                                                                                  ;
+-------+--------+----------+--------------------------------------------------------------------------------------------------------------------------+
; COUNT ; Output ; Warning  ; Output or bidir port (3 bits) is wider than the port expression (1 bits) it drives; bit(s) "COUNT[2..1]" have no fanouts ;
; COUNT ; Output ; Info     ; Connected to dangling logic. Logic that only feeds a dangling port will be removed.                                      ;
+-------+--------+----------+--------------------------------------------------------------------------------------------------------------------------+


+-----------------------------------------------------+
; Post-Synthesis Netlist Statistics for Top Partition ;
+-----------------------+-----------------------------+
; Type                  ; Count                       ;
+-----------------------+-----------------------------+
; boundary_port         ; 52                          ;
; cycloneiii_ff         ; 84                          ;
;     CLR               ; 71                          ;
;     ENA               ; 12                          ;
;     plain             ; 1                           ;
; cycloneiii_lcell_comb ; 284                         ;
;     arith             ; 18                          ;
;         2 data inputs ; 18                          ;
;     normal            ; 266                         ;
;         1 data inputs ; 20                          ;
;         2 data inputs ; 5                           ;
;         3 data inputs ; 119                         ;
;         4 data inputs ; 122                         ;
;                       ;                             ;
; Max LUT depth         ; 6.00                        ;
; Average LUT depth     ; 3.31                        ;
+-----------------------+-----------------------------+


+-------------------------------+
; Elapsed Time Per Partition    ;
+----------------+--------------+
; Partition Name ; Elapsed Time ;
+----------------+--------------+
; Top            ; 00:00:00     ;
+----------------+--------------+


+-------------------------------+
; Analysis & Synthesis Messages ;
+-------------------------------+
Info: *******************************************************************
Info: Running Quartus Prime Analysis & Synthesis
    Info: Version 20.1.1 Build 720 11/11/2020 SJ Lite Edition
    Info: Processing started: Mon Dec 02 13:56:47 2024
Info: Command: quartus_map --read_settings_files=on --write_settings_files=off alarm -c alarm
Warning (18236): Number of processors has not been specified which may cause overloading on shared machines.  Set the global assignment NUM_PARALLEL_PROCESSORS in your QSF to an appropriate value for best performance.
Info (20030): Parallel compilation is enabled and will use 4 of the 4 processors detected
Info (12021): Found 1 design units, including 1 entities, in source file timer.v
    Info (12023): Found entity 1: timer File: C:/alarmClock/alarm/timer.v Line: 1
Warning (12019): Can't analyze file -- file ThreeHz.v is missing
Warning (12019): Can't analyze file -- file Register.v is missing
Info (12021): Found 1 design units, including 1 entities, in source file onofftoggle.v
    Info (12023): Found entity 1: OnOffToggle File: C:/alarmClock/alarm/OnOffToggle.v Line: 3
Info (12021): Found 1 design units, including 1 entities, in source file onehz.v
    Info (12023): Found entity 1: oneHz File: C:/alarmClock/alarm/oneHz.v Line: 2
Info (12021): Found 1 design units, including 1 entities, in source file dividebyn.v
    Info (12023): Found entity 1: dividebyN File: C:/alarmClock/alarm/dividebyN.v Line: 2
Info (12021): Found 1 design units, including 1 entities, in source file binary2seven.v
    Info (12023): Found entity 1: binary2seven File: C:/alarmClock/alarm/binary2seven.v Line: 2
Info (12021): Found 1 design units, including 1 entities, in source file alarm.v
    Info (12023): Found entity 1: alarm File: C:/alarmClock/alarm/alarm.v Line: 1
Info (12021): Found 1 design units, including 1 entities, in source file alarmtime.v
    Info (12023): Found entity 1: alarmTime File: C:/alarmClock/alarm/alarmTime.v Line: 1
Warning (10236): Verilog HDL Implicit Net warning at timer.v(28): created implicit net for "secVar" File: C:/alarmClock/alarm/timer.v Line: 28
Warning (10236): Verilog HDL Implicit Net warning at timer.v(58): created implicit net for "minVar" File: C:/alarmClock/alarm/timer.v Line: 58
Warning (10236): Verilog HDL Implicit Net warning at timer.v(90): created implicit net for "hourVar" File: C:/alarmClock/alarm/timer.v Line: 90
Warning (10236): Verilog HDL Implicit Net warning at oneHz.v(14): created implicit net for "count" File: C:/alarmClock/alarm/oneHz.v Line: 14
Warning (10236): Verilog HDL Implicit Net warning at alarm.v(13): created implicit net for "secTime" File: C:/alarmClock/alarm/alarm.v Line: 13
Warning (10236): Verilog HDL Implicit Net warning at alarm.v(14): created implicit net for "secAlarm" File: C:/alarmClock/alarm/alarm.v Line: 14
Warning (10236): Verilog HDL Implicit Net warning at alarm.v(15): created implicit net for "minTime" File: C:/alarmClock/alarm/alarm.v Line: 15
Warning (10236): Verilog HDL Implicit Net warning at alarm.v(16): created implicit net for "minAlarm" File: C:/alarmClock/alarm/alarm.v Line: 16
Warning (10236): Verilog HDL Implicit Net warning at alarm.v(17): created implicit net for "hourTime" File: C:/alarmClock/alarm/alarm.v Line: 17
Warning (10236): Verilog HDL Implicit Net warning at alarm.v(18): created implicit net for "hourAlarm" File: C:/alarmClock/alarm/alarm.v Line: 18
Info (12127): Elaborating entity "alarm" for the top level hierarchy
Warning (10230): Verilog HDL assignment warning at alarm.v(13): truncated value with size 32 to match size of target (1) File: C:/alarmClock/alarm/alarm.v Line: 13
Warning (10230): Verilog HDL assignment warning at alarm.v(14): truncated value with size 32 to match size of target (1) File: C:/alarmClock/alarm/alarm.v Line: 14
Warning (10230): Verilog HDL assignment warning at alarm.v(15): truncated value with size 32 to match size of target (1) File: C:/alarmClock/alarm/alarm.v Line: 15
Warning (10230): Verilog HDL assignment warning at alarm.v(16): truncated value with size 32 to match size of target (1) File: C:/alarmClock/alarm/alarm.v Line: 16
Warning (10230): Verilog HDL assignment warning at alarm.v(17): truncated value with size 32 to match size of target (1) File: C:/alarmClock/alarm/alarm.v Line: 17
Warning (10230): Verilog HDL assignment warning at alarm.v(18): truncated value with size 32 to match size of target (1) File: C:/alarmClock/alarm/alarm.v Line: 18
Warning (10230): Verilog HDL assignment warning at alarm.v(75): truncated value with size 32 to match size of target (1) File: C:/alarmClock/alarm/alarm.v Line: 75
Info (12128): Elaborating entity "timer" for hierarchy "timer:Clock" File: C:/alarmClock/alarm/alarm.v Line: 35
Info (12128): Elaborating entity "OnOffToggle" for hierarchy "timer:Clock|OnOffToggle:ClockSwitch" File: C:/alarmClock/alarm/timer.v Line: 18
Info (12128): Elaborating entity "oneHz" for hierarchy "timer:Clock|oneHz:OneHzClockGenerator" File: C:/alarmClock/alarm/timer.v Line: 26
Info (12128): Elaborating entity "dividebyN" for hierarchy "timer:Clock|oneHz:OneHzClockGenerator|dividebyN:div5" File: C:/alarmClock/alarm/oneHz.v Line: 15
Info (12128): Elaborating entity "dividebyN" for hierarchy "timer:Clock|oneHz:OneHzClockGenerator|dividebyN:div10" File: C:/alarmClock/alarm/oneHz.v Line: 22
Info (12128): Elaborating entity "dividebyN" for hierarchy "timer:Clock|oneHz:OneHzClockGenerator|dividebyN:div1000L" File: C:/alarmClock/alarm/oneHz.v Line: 29
Info (12128): Elaborating entity "dividebyN" for hierarchy "timer:Clock|dividebyN:seconds_low" File: C:/alarmClock/alarm/timer.v Line: 36
Info (12128): Elaborating entity "binary2seven" for hierarchy "timer:Clock|binary2seven:seconds_low_display" File: C:/alarmClock/alarm/timer.v Line: 41
Info (12128): Elaborating entity "dividebyN" for hierarchy "timer:Clock|dividebyN:seconds_high" File: C:/alarmClock/alarm/timer.v Line: 49
Info (12128): Elaborating entity "dividebyN" for hierarchy "timer:Clock|dividebyN:hour_high" File: C:/alarmClock/alarm/timer.v Line: 114
Info (12128): Elaborating entity "alarmTime" for hierarchy "alarmTime:Alarm" File: C:/alarmClock/alarm/alarm.v Line: 50
Warning (12011): Net is missing source, defaulting to GND
    Warning (12110): Net "alarmTime:Alarm|I[3]" is missing source, defaulting to GND File: C:/alarmClock/alarm/alarmTime.v Line: 6
    Warning (12110): Net "alarmTime:Alarm|K[3]" is missing source, defaulting to GND File: C:/alarmClock/alarm/alarmTime.v Line: 6
Warning (12011): Net is missing source, defaulting to GND
    Warning (12110): Net "timer:Clock|C[3]" is missing source, defaulting to GND File: C:/alarmClock/alarm/timer.v Line: 6
    Warning (12110): Net "timer:Clock|E[3]" is missing source, defaulting to GND File: C:/alarmClock/alarm/timer.v Line: 6
Warning (12241): 8 hierarchies have connectivity warnings - see the Connectivity Checks report folder
Info (286030): Timing-Driven Synthesis is running
Info (144001): Generated suppressed messages file C:/alarmClock/alarm/output_files/alarm.map.smsg
Info (16010): Generating hard_block partition "hard_block:auto_generated_inst"
    Info (16011): Adding 0 node(s), including 0 DDIO, 0 PLL, 0 transceiver and 0 LCELL
Info (21057): Implemented 332 device resources after synthesis - the final resource count might be different
    Info (21058): Implemented 8 input pins
    Info (21059): Implemented 44 output pins
    Info (21061): Implemented 280 logic cells
Info: Quartus Prime Analysis & Synthesis was successful. 0 errors, 27 warnings
    Info: Peak virtual memory: 4782 megabytes
    Info: Processing ended: Mon Dec 02 13:56:55 2024
    Info: Elapsed time: 00:00:08
    Info: Total CPU time (on all processors): 00:00:12


+------------------------------------------+
; Analysis & Synthesis Suppressed Messages ;
+------------------------------------------+
The suppressed messages can be found in C:/alarmClock/alarm/output_files/alarm.map.smsg.


